SET
BEGIN
INSERT 0 3
INSERT 0 11
INSERT 0 120
INSERT 0 2
INSERT 0 3
INSERT 0 1
INSERT 0 1
INSERT 0 1
INSERT 0 6
INSERT 0 7
INSERT 0 2
INSERT 0 1
INSERT 0 1
INSERT 0 3
INSERT 0 6
INSERT 0 2
INSERT 0 2
INSERT 0 1
INSERT 0 2
INSERT 0 1
INSERT 0 4
INSERT 0 4
INSERT 0 3
INSERT 0 4
INSERT 0 2
INSERT 0 1
INSERT 0 3
INSERT 0 3
INSERT 0 3
INSERT 0 3
INSERT 0 3
INSERT 0 2
INSERT 0 3
INSERT 0 1
INSERT 0 3
INSERT 0 1
INSERT 0 1
INSERT 0 1
INSERT 0 1
INSERT 0 1
INSERT 0 1
INSERT 0 1
INSERT 0 1
INSERT 0 3
INSERT 0 1
INSERT 0 1
INSERT 0 1
INSERT 0 1
INSERT 0 1
INSERT 0 1
INSERT 0 1
INSERT 0 1
INSERT 0 2
INSERT 0 1
INSERT 0 1
INSERT 0 2
INSERT 0 2
INSERT 0 3
INSERT 0 1
INSERT 0 2
INSERT 0 1
INSERT 0 1
INSERT 0 1
INSERT 0 1
INSERT 0 1
INSERT 0 1
INSERT 0 7
INSERT 0 4
INSERT 0 4
INSERT 0 1
INSERT 0 1
INSERT 0 1
INSERT 0 1
INSERT 0 2
INSERT 0 3
INSERT 0 1
INSERT 0 1
UPDATE 1
UPDATE 1
INSERT 0 3
INSERT 0 1
INSERT 0 1
INSERT 0 1
INSERT 0 1
INSERT 0 1
INSERT 0 1
INSERT 0 1
INSERT 0 3
INSERT 0 6
INSERT 0 3
INSERT 0 1
INSERT 0 1
INSERT 0 1
INSERT 0 1
INSERT 0 1
INSERT 0 5
INSERT 0 2
INSERT 0 2
INSERT 0 5
INSERT 0 5
INSERT 0 2
INSERT 0 4
INSERT 0 2
INSERT 0 2
INSERT 0 4
INSERT 0 1
INSERT 0 2
INSERT 0 3
INSERT 0 1
INSERT 0 1
INSERT 0 1
 r2_transition_validation_status 
---------------------------------
 
(1 row)

INSERT 0 1
INSERT 0 1
INSERT 0 1
COMMIT
 uuid_version | count 
--------------+-------
            7 |   122
(1 row)

